14:56:21.001  INFO --- [event-executor-5-thread-1] [erviceConnectionEventProcessor] [             onEvent]  [] : Peer example-seataserver-2.seata-server-cluster:9091 is connected
14:56:22.037  INFO --- [event-executor-5-thread-1] [erviceConnectionEventProcessor] [             onEvent]  [] : Peer example-seataserver-1.seata-server-cluster:9091 is connected
14:56:22.716  INFO --- [ata-server-cluster:9091>0] [lipay.sofa.jraft.core.NodeImpl] [             preVote]  [] : Node <default/example-seataserver-0.seata-server-cluster:9091> term 4 start preVote.
14:56:22.721  INFO --- [event-executor-5-thread-1] [erviceConnectionEventProcessor] [             onEvent]  [] : Peer example-seataserver-2.seata-server-cluster:9091 is connected
14:56:23.720 ERROR --- [ata-server-cluster:9091>0] [rpc.impl.AbstractClientService] [             connect]  [] : Fail to connect example-seataserver-2.seata-server-cluster:9091, remoting exception: com.alipay.remoting.rpc.exception.InvokeTimeoutException: Rpc invocation timeout[responseCommand TIMEOUT]! the address is 198.18.0.62:9091.
14:56:23.720  WARN --- [ata-server-cluster:9091>0] [lipay.sofa.jraft.core.NodeImpl] [             preVote]  [] : Node <default/example-seataserver-0.seata-server-cluster:9091> channel init failed, address=example-seataserver-2.seata-server-cluster:9091.
14:56:24.723 ERROR --- [ata-server-cluster:9091>0] [rpc.impl.AbstractClientService] [             connect]  [] : Fail to connect example-seataserver-1.seata-server-cluster:9091, remoting exception: com.alipay.remoting.rpc.exception.InvokeTimeoutException: Rpc invocation timeout[responseCommand TIMEOUT]! the address is 198.18.0.63:9091.
14:56:24.723  WARN --- [ata-server-cluster:9091>0] [lipay.sofa.jraft.core.NodeImpl] [             preVote]  [] : Node <default/example-seataserver-0.seata-server-cluster:9091> channel init failed, address=example-seataserver-1.seata-server-cluster:9091.
14:56:24.723  INFO --- [event-executor-5-thread-1] [erviceConnectionEventProcessor] [             onEvent]  [] : Peer example-seataserver-1.seata-server-cluster:9091 is connected
14:56:25.044  INFO --- [event-executor-5-thread-1] [erviceConnectionEventProcessor] [             onEvent]  [] : Peer example-seataserver-2.seata-server-cluster:9091 is connected
14:56:26.048  INFO --- [event-executor-5-thread-1] [erviceConnectionEventProcessor] [             onEvent]  [] : Peer example-seataserver-1.seata-server-cluster:9091 is connected
14:56:26.459  INFO --- [ata-server-cluster:9091>0] [lipay.sofa.jraft.core.NodeImpl] [             preVote]  [] : Node <default/example-seataserver-0.seata-server-cluster:9091> term 4 start preVote.
14:56:26.474  WARN --- [   JRaft-RPC-Processor-22] [lipay.sofa.jraft.core.NodeImpl] [                 run]  [] : Node <default/example-seataserver-0.seata-server-cluster:9091> PreVote to example-seataserver-2.seata-server-cluster:9091 error: Status[EINTERNAL<1004>: RPC exception:Connection closed when invoke with callback.The address is 198.18.0.62:9091].
14:56:27.054  INFO --- [event-executor-5-thread-1] [erviceConnectionEventProcessor] [             onEvent]  [] : Peer example-seataserver-2.seata-server-cluster:9091 is connected
14:56:27.466  WARN --- [   JRaft-RPC-Processor-23] [lipay.sofa.jraft.core.NodeImpl] [                 run]  [] : Node <default/example-seataserver-0.seata-server-cluster:9091> PreVote to example-seataserver-1.seata-server-cluster:9091 error: Status[EINTERNAL<1004>: RPC exception:Invoke timeout when invoke with callback.The address is 198.18.0.63:9091].
14:56:27.794  INFO --- [ata-server-cluster:9091>0] [lipay.sofa.jraft.core.NodeImpl] [             preVote]  [] : Node <default/example-seataserver-0.seata-server-cluster:9091> term 4 start preVote.
14:56:27.799  INFO --- [event-executor-5-thread-1] [erviceConnectionEventProcessor] [             onEvent]  [] : Peer example-seataserver-1.seata-server-cluster:9091 is connected
14:56:28.538  WARN --- [   JRaft-RPC-Processor-24] [lipay.sofa.jraft.core.NodeImpl] [                 run]  [] : Node <default/example-seataserver-0.seata-server-cluster:9091> PreVote to example-seataserver-2.seata-server-cluster:9091 error: Status[EINTERNAL<1004>: RPC exception:Connection closed when invoke with callback.The address is 198.18.0.62:9091].
14:56:28.797 ERROR --- [ata-server-cluster:9091>0] [rpc.impl.AbstractClientService] [             connect]  [] : Fail to connect example-seataserver-1.seata-server-cluster:9091, remoting exception: com.alipay.remoting.rpc.exception.InvokeTimeoutException: Rpc invocation timeout[responseCommand TIMEOUT]! the address is 198.18.0.63:9091.
14:56:28.797  WARN --- [ata-server-cluster:9091>0] [lipay.sofa.jraft.core.NodeImpl] [             preVote]  [] : Node <default/example-seataserver-0.seata-server-cluster:9091> channel init failed, address=example-seataserver-1.seata-server-cluster:9091.
14:56:29.058  INFO --- [event-executor-5-thread-1] [erviceConnectionEventProcessor] [             onEvent]  [] : Peer example-seataserver-2.seata-server-cluster:9091 is connected
14:56:30.066  INFO --- [event-executor-5-thread-1] [erviceConnectionEventProcessor] [             onEvent]  [] : Peer example-seataserver-1.seata-server-cluster:9091 is connected
14:56:30.274  INFO --- [ata-server-cluster:9091>0] [lipay.sofa.jraft.core.NodeImpl] [             preVote]  [] : Node <default/example-seataserver-0.seata-server-cluster:9091> term 4 start preVote.
14:56:30.435  WARN --- [    JRaft-RPC-Processor-0] [lipay.sofa.jraft.core.NodeImpl] [                 run]  [] : Node <default/example-seataserver-0.seata-server-cluster:9091> PreVote to example-seataserver-2.seata-server-cluster:9091 error: Status[EINTERNAL<1004>: RPC exception:Connection closed when invoke with callback.The address is 198.18.0.62:9091].
14:56:31.072  INFO --- [event-executor-5-thread-1] [erviceConnectionEventProcessor] [             onEvent]  [] : Peer example-seataserver-2.seata-server-cluster:9091 is connected
14:56:31.285  WARN --- [   JRaft-RPC-Processor-25] [lipay.sofa.jraft.core.NodeImpl] [                 run]  [] : Node <default/example-seataserver-0.seata-server-cluster:9091> PreVote to example-seataserver-1.seata-server-cluster:9091 error: Status[EINTERNAL<1004>: RPC exception:Invoke timeout when invoke with callback.The address is 198.18.0.63:9091].
14:56:32.002  INFO --- [ata-server-cluster:9091>0] [lipay.sofa.jraft.core.NodeImpl] [             preVote]  [] : Node <default/example-seataserver-0.seata-server-cluster:9091> term 4 start preVote.
14:56:32.005  INFO --- [event-executor-5-thread-1] [erviceConnectionEventProcessor] [             onEvent]  [] : Peer example-seataserver-1.seata-server-cluster:9091 is connected
14:56:32.457  WARN --- [    JRaft-RPC-Processor-1] [lipay.sofa.jraft.core.NodeImpl] [                 run]  [] : Node <default/example-seataserver-0.seata-server-cluster:9091> PreVote to example-seataserver-2.seata-server-cluster:9091 error: Status[EINTERNAL<1004>: RPC exception:Connection closed when invoke with callback.The address is 198.18.0.62:9091].
14:56:33.009 ERROR --- [ata-server-cluster:9091>0] [rpc.impl.AbstractClientService] [             connect]  [] : Fail to connect example-seataserver-1.seata-server-cluster:9091, remoting exception: com.alipay.remoting.rpc.exception.InvokeTimeoutException: Rpc invocation timeout[responseCommand TIMEOUT]! the address is 198.18.0.63:9091.
14:56:33.009  WARN --- [ata-server-cluster:9091>0] [lipay.sofa.jraft.core.NodeImpl] [             preVote]  [] : Node <default/example-seataserver-0.seata-server-cluster:9091> channel init failed, address=example-seataserver-1.seata-server-cluster:9091.
14:56:33.079  INFO --- [event-executor-5-thread-1] [erviceConnectionEventProcessor] [             onEvent]  [] : Peer example-seataserver-2.seata-server-cluster:9091 is connected
14:56:34.086  INFO --- [event-executor-5-thread-1] [erviceConnectionEventProcessor] [             onEvent]  [] : Peer example-seataserver-1.seata-server-cluster:9091 is connected
14:56:34.677  INFO --- [ata-server-cluster:9091>0] [lipay.sofa.jraft.core.NodeImpl] [             preVote]  [] : Node <default/example-seataserver-0.seata-server-cluster:9091> term 4 start preVote.
14:56:34.693  INFO --- [event-executor-5-thread-1] [erviceConnectionEventProcessor] [             onEvent]  [] : Peer example-seataserver-2.seata-server-cluster:9091 is connected
14:56:35.680 ERROR --- [ata-server-cluster:9091>0] [rpc.impl.AbstractClientService] [             connect]  [] : Fail to connect example-seataserver-2.seata-server-cluster:9091, remoting exception: com.alipay.remoting.rpc.exception.InvokeTimeoutException: Rpc invocation timeout[responseCommand TIMEOUT]! the address is 198.18.0.62:9091.
14:56:35.681  WARN --- [ata-server-cluster:9091>0] [lipay.sofa.jraft.core.NodeImpl] [             preVote]  [] : Node <default/example-seataserver-0.seata-server-cluster:9091> channel init failed, address=example-seataserver-2.seata-server-cluster:9091.
14:56:36.685 ERROR --- [ata-server-cluster:9091>0] [rpc.impl.AbstractClientService] [             connect]  [] : Fail to connect example-seataserver-1.seata-server-cluster:9091, remoting exception: com.alipay.remoting.rpc.exception.InvokeTimeoutException: Rpc invocation timeout[responseCommand TIMEOUT]! the address is 198.18.0.63:9091.
14:56:36.685  WARN --- [ata-server-cluster:9091>0] [lipay.sofa.jraft.core.NodeImpl] [             preVote]  [] : Node <default/example-seataserver-0.seata-server-cluster:9091> channel init failed, address=example-seataserver-1.seata-server-cluster:9091.
14:56:36.685  INFO --- [event-executor-5-thread-1] [erviceConnectionEventProcessor] [             onEvent]  [] : Peer example-seataserver-1.seata-server-cluster:9091 is connected
14:56:37.095  INFO --- [event-executor-5-thread-1] [erviceConnectionEventProcessor] [             onEvent]  [] : Peer example-seataserver-2.seata-server-cluster:9091 is connected
14:56:38.101  INFO --- [event-executor-5-thread-1] [erviceConnectionEventProcessor] [             onEvent]  [] : Peer example-seataserver-1.seata-server-cluster:9091 is connected
14:56:38.206  INFO --- [ata-server-cluster:9091>0] [lipay.sofa.jraft.core.NodeImpl] [             preVote]  [] : Node <default/example-seataserver-0.seata-server-cluster:9091> term 4 start preVote.
14:56:38.480  WARN --- [    JRaft-RPC-Processor-2] [lipay.sofa.jraft.core.NodeImpl] [                 run]  [] : Node <default/example-seataserver-0.seata-server-cluster:9091> PreVote to example-seataserver-2.seata-server-cluster:9091 error: Status[EINTERNAL<1004>: RPC exception:Connection closed when invoke with callback.The address is 198.18.0.62:9091].
14:56:39.122  INFO --- [event-executor-5-thread-1] [erviceConnectionEventProcessor] [             onEvent]  [] : Peer example-seataserver-2.seata-server-cluster:9091 is connected
14:56:39.216  WARN --- [    JRaft-RPC-Processor-3] [lipay.sofa.jraft.core.NodeImpl] [                 run]  [] : Node <default/example-seataserver-0.seata-server-cluster:9091> PreVote to example-seataserver-1.seata-server-cluster:9091 error: Status[EINTERNAL<1004>: RPC exception:Invoke timeout when invoke with callback.The address is 198.18.0.63:9091].
14:56:39.256  INFO --- [ata-server-cluster:9091>0] [lipay.sofa.jraft.core.NodeImpl] [             preVote]  [] : Node <default/example-seataserver-0.seata-server-cluster:9091> term 4 start preVote.
14:56:39.342  WARN --- [    JRaft-RPC-Processor-5] [lipay.sofa.jraft.core.NodeImpl] [                 run]  [] : Node <default/example-seataserver-0.seata-server-cluster:9091> PreVote to example-seataserver-1.seata-server-cluster:9091 error: Status[EINTERNAL<1004>: RPC exception:Connection closed when invoke with callback.The address is 198.18.0.63:9091].
14:56:40.127  INFO --- [event-executor-5-thread-1] [erviceConnectionEventProcessor] [             onEvent]  [] : Peer example-seataserver-1.seata-server-cluster:9091 is connected
14:56:40.266  WARN --- [    JRaft-RPC-Processor-4] [lipay.sofa.jraft.core.NodeImpl] [                 run]  [] : Node <default/example-seataserver-0.seata-server-cluster:9091> PreVote to example-seataserver-2.seata-server-cluster:9091 error: Status[EINTERNAL<1004>: RPC exception:Invoke timeout when invoke with callback.The address is 198.18.0.62:9091].
14:56:41.135  INFO --- [event-executor-5-thread-1] [erviceConnectionEventProcessor] [             onEvent]  [] : Peer example-seataserver-2.seata-server-cluster:9091 is connected
14:56:41.156  INFO --- [ata-server-cluster:9091>0] [lipay.sofa.jraft.core.NodeImpl] [             preVote]  [] : Node <default/example-seataserver-0.seata-server-cluster:9091> term 4 start preVote.
14:56:41.599  WARN --- [    JRaft-RPC-Processor-6] [lipay.sofa.jraft.core.NodeImpl] [                 run]  [] : Node <default/example-seataserver-0.seata-server-cluster:9091> PreVote to example-seataserver-1.seata-server-cluster:9091 error: Status[EINTERNAL<1004>: RPC exception:Connection closed when invoke with callback.The address is 198.18.0.63:9091].
14:56:42.140  INFO --- [event-executor-5-thread-1] [erviceConnectionEventProcessor] [             onEvent]  [] : Peer example-seataserver-1.seata-server-cluster:9091 is connected
14:56:42.168  WARN --- [    JRaft-RPC-Processor-8] [lipay.sofa.jraft.core.NodeImpl] [                 run]  [] : Node <default/example-seataserver-0.seata-server-cluster:9091> PreVote to example-seataserver-2.seata-server-cluster:9091 error: Status[EINTERNAL<1004>: RPC exception:Invoke timeout when invoke with callback.The address is 198.18.0.62:9091].
14:56:42.593  INFO --- [ata-server-cluster:9091>0] [lipay.sofa.jraft.core.NodeImpl] [             preVote]  [] : Node <default/example-seataserver-0.seata-server-cluster:9091> term 4 start preVote.
14:56:42.598  INFO --- [event-executor-5-thread-1] [erviceConnectionEventProcessor] [             onEvent]  [] : Peer example-seataserver-2.seata-server-cluster:9091 is connected
14:56:43.596 ERROR --- [ata-server-cluster:9091>0] [rpc.impl.AbstractClientService] [             connect]  [] : Fail to connect example-seataserver-2.seata-server-cluster:9091, remoting exception: com.alipay.remoting.rpc.exception.InvokeTimeoutException: Rpc invocation timeout[responseCommand TIMEOUT]! the address is 198.18.0.62:9091.
14:56:43.596  WARN --- [ata-server-cluster:9091>0] [lipay.sofa.jraft.core.NodeImpl] [             preVote]  [] : Node <default/example-seataserver-0.seata-server-cluster:9091> channel init failed, address=example-seataserver-2.seata-server-cluster:9091.
14:56:44.599 ERROR --- [ata-server-cluster:9091>0] [rpc.impl.AbstractClientService] [             connect]  [] : Fail to connect example-seataserver-1.seata-server-cluster:9091, remoting exception: com.alipay.remoting.rpc.exception.InvokeTimeoutException: Rpc invocation timeout[responseCommand TIMEOUT]! the address is 198.18.0.63:9091.
14:56:44.600  WARN --- [ata-server-cluster:9091>0] [lipay.sofa.jraft.core.NodeImpl] [             preVote]  [] : Node <default/example-seataserver-0.seata-server-cluster:9091> channel init failed, address=example-seataserver-1.seata-server-cluster:9091.
14:56:44.600  INFO --- [event-executor-5-thread-1] [erviceConnectionEventProcessor] [             onEvent]  [] : Peer example-seataserver-1.seata-server-cluster:9091 is connected
14:56:45.144  INFO --- [event-executor-5-thread-1] [erviceConnectionEventProcessor] [             onEvent]  [] : Peer example-seataserver-2.seata-server-cluster:9091 is connected
14:56:45.636  INFO --- [ata-server-cluster:9091>0] [lipay.sofa.jraft.core.NodeImpl] [             preVote]  [] : Node <default/example-seataserver-0.seata-server-cluster:9091> term 4 start preVote.
14:56:45.644  INFO --- [event-executor-5-thread-1] [erviceConnectionEventProcessor] [             onEvent]  [] : Peer example-seataserver-1.seata-server-cluster:9091 is connected
14:56:46.524  WARN --- [    JRaft-RPC-Processor-7] [lipay.sofa.jraft.core.NodeImpl] [                 run]  [] : Node <default/example-seataserver-0.seata-server-cluster:9091> PreVote to example-seataserver-2.seata-server-cluster:9091 error: Status[EINTERNAL<1004>: RPC exception:Connection closed when invoke with callback.The address is 198.18.0.62:9091].
14:56:46.641 ERROR --- [ata-server-cluster:9091>0] [rpc.impl.AbstractClientService] [             connect]  [] : Fail to connect example-seataserver-1.seata-server-cluster:9091, remoting exception: com.alipay.remoting.rpc.exception.InvokeTimeoutException: Rpc invocation timeout[responseCommand TIMEOUT]! the address is 198.18.0.63:9091.
14:56:46.641  WARN --- [ata-server-cluster:9091>0] [lipay.sofa.jraft.core.NodeImpl] [             preVote]  [] : Node <default/example-seataserver-0.seata-server-cluster:9091> channel init failed, address=example-seataserver-1.seata-server-cluster:9091.
14:56:47.150  INFO --- [event-executor-5-thread-1] [erviceConnectionEventProcessor] [             onEvent]  [] : Peer example-seataserver-2.seata-server-cluster:9091 is connected
14:56:48.153  INFO --- [event-executor-5-thread-1] [erviceConnectionEventProcessor] [             onEvent]  [] : Peer example-seataserver-1.seata-server-cluster:9091 is connected
14:56:48.217  INFO --- [ata-server-cluster:9091>0] [lipay.sofa.jraft.core.NodeImpl] [             preVote]  [] : Node <default/example-seataserver-0.seata-server-cluster:9091> term 4 start preVote.
14:56:48.610  WARN --- [    JRaft-RPC-Processor-9] [lipay.sofa.jraft.core.NodeImpl] [                 run]  [] : Node <default/example-seataserver-0.seata-server-cluster:9091> PreVote to example-seataserver-2.seata-server-cluster:9091 error: Status[EINTERNAL<1004>: RPC exception:Connection closed when invoke with callback.The address is 198.18.0.62:9091].
14:56:49.158  INFO --- [event-executor-5-thread-1] [erviceConnectionEventProcessor] [             onEvent]  [] : Peer example-seataserver-2.seata-server-cluster:9091 is connected
14:56:49.228  WARN --- [   JRaft-RPC-Processor-10] [lipay.sofa.jraft.core.NodeImpl] [                 run]  [] : Node <default/example-seataserver-0.seata-server-cluster:9091> PreVote to example-seataserver-1.seata-server-cluster:9091 error: Status[EINTERNAL<1004>: RPC exception:Invoke timeout when invoke with callback.The address is 198.18.0.63:9091].
14:56:50.032  INFO --- [ata-server-cluster:9091>0] [lipay.sofa.jraft.core.NodeImpl] [             preVote]  [] : Node <default/example-seataserver-0.seata-server-cluster:9091> term 4 start preVote.
14:56:50.038  INFO --- [event-executor-5-thread-1] [erviceConnectionEventProcessor] [             onEvent]  [] : Peer example-seataserver-1.seata-server-cluster:9091 is connected
14:56:50.544  WARN --- [   JRaft-RPC-Processor-11] [lipay.sofa.jraft.core.NodeImpl] [                 run]  [] : Node <default/example-seataserver-0.seata-server-cluster:9091> PreVote to example-seataserver-2.seata-server-cluster:9091 error: Status[EINTERNAL<1004>: RPC exception:Connection closed when invoke with callback.The address is 198.18.0.62:9091].
14:56:51.036 ERROR --- [ata-server-cluster:9091>0] [rpc.impl.AbstractClientService] [             connect]  [] : Fail to connect example-seataserver-1.seata-server-cluster:9091, remoting exception: com.alipay.remoting.rpc.exception.InvokeTimeoutException: Rpc invocation timeout[responseCommand TIMEOUT]! the address is 198.18.0.63:9091.
14:56:51.036  WARN --- [ata-server-cluster:9091>0] [lipay.sofa.jraft.core.NodeImpl] [             preVote]  [] : Node <default/example-seataserver-0.seata-server-cluster:9091> channel init failed, address=example-seataserver-1.seata-server-cluster:9091.
14:56:51.166  INFO --- [event-executor-5-thread-1] [erviceConnectionEventProcessor] [             onEvent]  [] : Peer example-seataserver-2.seata-server-cluster:9091 is connected
14:56:52.191  INFO --- [event-executor-5-thread-1] [erviceConnectionEventProcessor] [             onEvent]  [] : Peer example-seataserver-1.seata-server-cluster:9091 is connected
14:56:52.899  INFO --- [ata-server-cluster:9091>0] [lipay.sofa.jraft.core.NodeImpl] [             preVote]  [] : Node <default/example-seataserver-0.seata-server-cluster:9091> term 4 start preVote.
14:56:52.904  INFO --- [event-executor-5-thread-1] [erviceConnectionEventProcessor] [             onEvent]  [] : Peer example-seataserver-2.seata-server-cluster:9091 is connected
14:56:53.902 ERROR --- [ata-server-cluster:9091>0] [rpc.impl.AbstractClientService] [             connect]  [] : Fail to connect example-seataserver-2.seata-server-cluster:9091, remoting exception: com.alipay.remoting.rpc.exception.InvokeTimeoutException: Rpc invocation timeout[responseCommand TIMEOUT]! the address is 198.18.0.62:9091.
14:56:53.902  WARN --- [ata-server-cluster:9091>0] [lipay.sofa.jraft.core.NodeImpl] [             preVote]  [] : Node <default/example-seataserver-0.seata-server-cluster:9091> channel init failed, address=example-seataserver-2.seata-server-cluster:9091.
14:56:54.904 ERROR --- [ata-server-cluster:9091>0] [rpc.impl.AbstractClientService] [             connect]  [] : Fail to connect example-seataserver-1.seata-server-cluster:9091, remoting exception: com.alipay.remoting.rpc.exception.InvokeTimeoutException: Rpc invocation timeout[responseCommand TIMEOUT]! the address is 198.18.0.63:9091.
14:56:54.904  WARN --- [ata-server-cluster:9091>0] [lipay.sofa.jraft.core.NodeImpl] [             preVote]  [] : Node <default/example-seataserver-0.seata-server-cluster:9091> channel init failed, address=example-seataserver-1.seata-server-cluster:9091.
14:56:54.904  INFO --- [event-executor-5-thread-1] [erviceConnectionEventProcessor] [             onEvent]  [] : Peer example-seataserver-1.seata-server-cluster:9091 is connected
14:56:55.198  INFO --- [event-executor-5-thread-1] [erviceConnectionEventProcessor] [             onEvent]  [] : Peer example-seataserver-2.seata-server-cluster:9091 is connected